// Jest Snapshot v1, https://goo.gl/fbAQLP

exports[`renders ImageHeader correctly 1`] = `
<div
  className="card__header--image"
  style={
    Object {
      "possition": "relative",
    }
  }
>
  <img
    alt=""
    src="http://via.placeholder.com/350x200"
    style={
      Object {
        "borderRadius": "2px 2px 0 0",
        "bottom": "0",
        "display": "block",
        "left": "0",
        "position": "relative",
        "right": "0",
        "top": "0",
        "width": "100%",
      }
    }
  />
</div>
`;
